I'm sorry, but errors were detected in your script. Please correct the
errors listed below, and try again.


The label optional_name is defined twice, at File "game/script.rpy", line 29:
    menu optional_name:
and File "game/script.rpy", line 50:
    menu optional_name:


The label optional_name is defined twice, at File "game/script.rpy", line 50:
    menu optional_name:
and File "game/script.rpy", line 71:
    menu optional_name:


The label optional_name is defined twice, at File "game/script.rpy", line 71:
    menu optional_name:
and File "game/script.rpy", line 86:
    menu optional_name:


Ren'Py Version: Ren'Py 8.1.3.23091805
Tue Nov  7 16:39:14 2023
